// Jest Snapshot v1, https://goo.gl/fbAQLP

exports[`Check if Navbar component is rendered correctly 1`] = `
Object {
  "asFragment": [Function],
  "baseElement": <body>
    <div>
      <nav
        class="px-16 py-8 flex justify-between items-center border-b-2 text-blue-500 w-full"
      >
        <div
          class="flex items-center gap-4"
        >
          <img
            alt=""
            height="50"
            src="planet.png"
            width="50"
          />
          <h1
            class="text-black text-lg"
          >
            Space Travelers Hub
          </h1>
        </div>
        <ul
          class="flex gap-4 border-b-slate-400"
        >
          <li
            class="link"
          >
            <a
              aria-current="page"
              class="active"
              href="/"
            >
              Rockets
            </a>
          </li>
          <li
            class="link"
          >
            <a
              class=""
              href="/missions"
            >
              Missions
            </a>
          </li>
          <li
            class="link"
          >
            <a
              class=""
              href="/myprofile"
            >
              My profile
            </a>
          </li>
        </ul>
      </nav>
    </div>
  </body>,
  "container": <div>
    <nav
      class="px-16 py-8 flex justify-between items-center border-b-2 text-blue-500 w-full"
    >
      <div
        class="flex items-center gap-4"
      >
        <img
          alt=""
          height="50"
          src="planet.png"
          width="50"
        />
        <h1
          class="text-black text-lg"
        >
          Space Travelers Hub
        </h1>
      </div>
      <ul
        class="flex gap-4 border-b-slate-400"
      >
        <li
          class="link"
        >
          <a
            aria-current="page"
            class="active"
            href="/"
          >
            Rockets
          </a>
        </li>
        <li
          class="link"
        >
          <a
            class=""
            href="/missions"
          >
            Missions
          </a>
        </li>
        <li
          class="link"
        >
          <a
            class=""
            href="/myprofile"
          >
            My profile
          </a>
        </li>
      </ul>
    </nav>
  </div>,
  "debug": [Function],
  "findAllByAltText": [Function],
  "findAllByDisplayValue": [Function],
  "findAllByLabelText": [Function],
  "findAllByPlaceholderText": [Function],
  "findAllByRole": [Function],
  "findAllByTestId": [Function],
  "findAllByText": [Function],
  "findAllByTitle": [Function],
  "findByAltText": [Function],
  "findByDisplayValue": [Function],
  "findByLabelText": [Function],
  "findByPlaceholderText": [Function],
  "findByRole": [Function],
  "findByTestId": [Function],
  "findByText": [Function],
  "findByTitle": [Function],
  "getAllByAltText": [Function],
  "getAllByDisplayValue": [Function],
  "getAllByLabelText": [Function],
  "getAllByPlaceholderText": [Function],
  "getAllByRole": [Function],
  "getAllByTestId": [Function],
  "getAllByText": [Function],
  "getAllByTitle": [Function],
  "getByAltText": [Function],
  "getByDisplayValue": [Function],
  "getByLabelText": [Function],
  "getByPlaceholderText": [Function],
  "getByRole": [Function],
  "getByTestId": [Function],
  "getByText": [Function],
  "getByTitle": [Function],
  "queryAllByAltText": [Function],
  "queryAllByDisplayValue": [Function],
  "queryAllByLabelText": [Function],
  "queryAllByPlaceholderText": [Function],
  "queryAllByRole": [Function],
  "queryAllByTestId": [Function],
  "queryAllByText": [Function],
  "queryAllByTitle": [Function],
  "queryByAltText": [Function],
  "queryByDisplayValue": [Function],
  "queryByLabelText": [Function],
  "queryByPlaceholderText": [Function],
  "queryByRole": [Function],
  "queryByTestId": [Function],
  "queryByText": [Function],
  "queryByTitle": [Function],
  "rerender": [Function],
  "unmount": [Function],
}
`;
